------------------------------------------------------------
TimeQuest Timing Analyzer Summary
------------------------------------------------------------

Type  : Slow 1100mV 85C Model Setup 'CLOCK_50'
Slack : -6.780
TNS   : -2298.797

Type  : Slow 1100mV 85C Model Hold 'CLOCK_50'
Slack : 0.320
TNS   : 0.000

Type  : Slow 1100mV 85C Model Minimum Pulse Width 'CLOCK_50'
Slack : -2.636
TNS   : -1992.880

Type  : Slow 1100mV 0C Model Setup 'CLOCK_50'
Slack : -6.918
TNS   : -2251.119

Type  : Slow 1100mV 0C Model Hold 'CLOCK_50'
Slack : 0.300
TNS   : 0.000

Type  : Slow 1100mV 0C Model Minimum Pulse Width 'CLOCK_50'
Slack : -2.636
TNS   : -1956.861

Type  : Fast 1100mV 85C Model Setup 'CLOCK_50'
Slack : -3.777
TNS   : -1072.743

Type  : Fast 1100mV 85C Model Hold 'CLOCK_50'
Slack : 0.181
TNS   : 0.000

Type  : Fast 1100mV 85C Model Minimum Pulse Width 'CLOCK_50'
Slack : -2.636
TNS   : -1893.889

Type  : Fast 1100mV 0C Model Setup 'CLOCK_50'
Slack : -3.436
TNS   : -925.752

Type  : Fast 1100mV 0C Model Hold 'CLOCK_50'
Slack : 0.170
TNS   : 0.000

Type  : Fast 1100mV 0C Model Minimum Pulse Width 'CLOCK_50'
Slack : -2.636
TNS   : -1963.579

------------------------------------------------------------
